[0m09:32:47.525883 [debug] [MainThread]: Sending event: {'category': 'dbt', 'action': 'invocation', 'label': 'start', 'context': [<snowplow_tracker.self_describing_json.SelfDescribingJson object at 0x7f64b09d2120>, <snowplow_tracker.self_describing_json.SelfDescribingJson object at 0x7f64b2875450>, <snowplow_tracker.self_describing_json.SelfDescribingJson object at 0x7f64af3279d0>]}


============================== 09:32:47.528387 | 385e2ce9-9eaf-4da2-a423-5eac9765277e ==============================
[0m09:32:47.528387 [info ] [MainThread]: Running with dbt=1.12.2
[0m09:32:47.528748 [debug] [MainThread]: running dbt with arguments {'send_anonymous_usage_stats': 'True', 'version_check': 'True', 'warn_error': 'None', 'profiles_dir': '/home/gemelo/.dbt', 'use_colors': 'True', 'printer_width': '80', 'log_path': 'logs', 'static_parser': 'True', 'invocation_command': 'dbt init', 'fail_fast': 'False', 'empty': 'None', 'debug': 'False', 'maximum_seed_size_mib': '1', 'quiet': 'False', 'introspect': 'True', 'no_print': 'None', 'cache_selected_only': 'False', 'warn_error_options': 'WarnErrorOptionsV2(error=[], warn=[], silence=[])', 'target_path': 'None', 'hints_enabled': 'True', 'log_cache_events': 'False', 'write_json': 'True', 'use_experimental_parser': 'False', 'indirect_selection': 'eager', 'partial_parse': 'True', 'log_format': 'default'}
[0m09:32:47.582205 [info ] [MainThread]: Creating dbt configuration folder at /home/gemelo/.dbt
[0m09:32:54.596183 [debug] [MainThread]: Starter project path: /home/gemelo/.local/lib/python3.14/site-packages/dbt/include/starter_project
[0m09:32:54.599008 [info ] [MainThread]: Setting up your profile.
[0m09:32:59.301138 [debug] [MainThread]: Snowflake adapter: Setting snowflake.connector to ERROR (file logging only)
[0m09:32:59.301499 [debug] [MainThread]: Snowflake adapter: Setting botocore to ERROR (file logging only)
[0m09:32:59.301748 [debug] [MainThread]: Snowflake adapter: Setting boto3 to ERROR (file logging only)
[0m09:34:55.654623 [info ] [MainThread]: Profile btc written to /home/gemelo/.dbt/profiles.yml using target's profile_template.yml and your supplied values.
[0m09:34:55.655652 [info ] [MainThread]: Running dbt debug to validate the project...
[0m09:34:55.656016 [info ] [MainThread]: dbt version: 1.12.2
[0m09:34:55.656263 [info ] [MainThread]: python version: 3.14.6
[0m09:34:55.656487 [info ] [MainThread]: python path: /usr/bin/python3
[0m09:34:55.656707 [info ] [MainThread]: os info: Linux-7.1.8-200.fc44.x86_64-x86_64-with-glibc2.43
[0m09:34:55.691392 [info ] [MainThread]: Using profiles dir at /home/gemelo/.dbt
[0m09:34:55.691730 [info ] [MainThread]: Using profiles.yml file at /home/gemelo/.dbt/profiles.yml
[0m09:34:55.691961 [info ] [MainThread]: Using dbt_project.yml file at /home/gemelo/Documents/BTC/btc/dbt_project.yml
[0m09:34:55.692329 [info ] [MainThread]: adapter type: snowflake
[0m09:34:55.692561 [info ] [MainThread]: adapter version: 1.12.0
[0m09:34:55.767564 [info ] [MainThread]: Configuration:
[0m09:34:55.767941 [info ] [MainThread]:   profiles.yml file [[32mOK found and valid[0m]
[0m09:34:55.768254 [info ] [MainThread]:   dbt_project.yml file [[32mOK found and valid[0m]
[0m09:34:55.768551 [info ] [MainThread]: Required dependencies:
[0m09:34:55.768868 [debug] [MainThread]: Executing "git --help"
[0m09:34:55.770539 [debug] [MainThread]: STDOUT: "b"usage: git [-v | --version] [-h | --help] [-C <path>] [-c <name>=<value>]\n           [--exec-path[=<path>]] [--html-path] [--man-path] [--info-path]\n           [-p | --paginate | -P | --no-pager] [--no-replace-objects] [--no-lazy-fetch]\n           [--no-optional-locks] [--no-advice] [--bare] [--git-dir=<path>]\n           [--work-tree=<path>] [--namespace=<name>] [--config-env=<name>=<envvar>]\n           <command> [<args>]\n\nThese are common Git commands used in various situations:\n\nstart a working area (see also: git help tutorial)\n   clone      Clone a repository into a new directory\n   init       Create an empty Git repository or reinitialize an existing one\n\nwork on the current change (see also: git help everyday)\n   add        Add file contents to the index\n   mv         Move or rename a file, a directory, or a symlink\n   restore    Restore working tree files\n   rm         Remove files from the working tree and from the index\n\nexamine the history and state (see also: git help revisions)\n   bisect     Use binary search to find the commit that introduced a bug\n   diff       Show changes between commits, commit and working tree, etc\n   grep       Print lines matching a pattern\n   log        Show commit logs\n   show       Show various types of objects\n   status     Show the working tree status\n\ngrow, mark and tweak your common history\n   backfill   Download missing objects in a partial clone\n   branch     List, create, or delete branches\n   commit     Record changes to the repository\n   history    EXPERIMENTAL: Rewrite history\n   merge      Join two or more development histories together\n   rebase     Reapply commits on top of another base tip\n   reset      Set `HEAD` or the index to a known state\n   switch     Switch branches\n   tag        Create, list, delete or verify tags\n\ncollaborate (see also: git help workflows)\n   fetch      Download objects and refs from another repository\n   pull       Fetch from and integrate with another repository or a local branch\n   push       Update remote refs along with associated objects\n\n'git help -a' and 'git help -g' list available subcommands and some\nconcept guides. See 'git help <command>' or 'git help <concept>'\nto read about a specific subcommand or concept.\nSee 'git help git' for an overview of the system.\n""
[0m09:34:55.770815 [debug] [MainThread]: STDERR: "b''"
[0m09:34:55.771034 [info ] [MainThread]:  - git [[32mOK found[0m]

[0m09:34:55.771316 [info ] [MainThread]: Connection:
[0m09:34:55.771555 [info ] [MainThread]:   account: AGXGQCL-RV03027
[0m09:34:55.771766 [info ] [MainThread]:   user: new_admin
[0m09:34:55.771970 [info ] [MainThread]:   database: BTC
[0m09:34:55.772187 [info ] [MainThread]:   warehouse: LARGE_WH
[0m09:34:55.772388 [info ] [MainThread]:   role: ACCOUNTADMIN
[0m09:34:55.772589 [info ] [MainThread]:   schema: BTC_SCHEMA
[0m09:34:55.772787 [info ] [MainThread]:   authenticator: None
[0m09:34:55.773043 [info ] [MainThread]:   oauth_client_id: None
[0m09:34:55.773267 [info ] [MainThread]:   query_tag: None
[0m09:34:55.773471 [info ] [MainThread]:   client_session_keep_alive: False
[0m09:34:55.773674 [info ] [MainThread]:   host: None
[0m09:34:55.773871 [info ] [MainThread]:   port: None
[0m09:34:55.774068 [info ] [MainThread]:   proxy_host: None
[0m09:34:55.774274 [info ] [MainThread]:   proxy_port: None
[0m09:34:55.774471 [info ] [MainThread]:   protocol: None
[0m09:34:55.774668 [info ] [MainThread]:   connect_retries: 1
[0m09:34:55.774866 [info ] [MainThread]:   connect_timeout: None
[0m09:34:55.775065 [info ] [MainThread]:   retry_on_database_errors: False
[0m09:34:55.775267 [info ] [MainThread]:   retry_all: False
[0m09:34:55.775459 [info ] [MainThread]:   insecure_mode: False
[0m09:34:55.775650 [info ] [MainThread]:   reuse_connections: True
[0m09:34:55.775844 [info ] [MainThread]:   s3_stage_vpce_dns_name: None
[0m09:34:55.776038 [info ] [MainThread]:   workload_identity_provider: None
[0m09:34:55.776238 [info ] [MainThread]:   workload_identity_entra_resource: None
[0m09:34:55.776434 [info ] [MainThread]:   platform_detection_timeout_seconds: 0.0
[0m09:34:55.776735 [info ] [MainThread]: Registered adapter: snowflake=1.12.0
[0m09:34:55.834767 [debug] [MainThread]: Acquiring new snowflake connection 'debug'
[0m09:34:55.836136 [debug] [MainThread]: Using snowflake connection "debug"
[0m09:34:55.836372 [debug] [MainThread]: On debug: select 1 as id
[0m09:34:55.836605 [debug] [MainThread]: Opening a new connection, currently in state init
[0m09:34:57.408231 [debug] [MainThread]: SQL status: SUCCESS 1 in 1.572 seconds
[0m09:34:57.409229 [info ] [MainThread]:   Connection test: [[32mOK connection ok[0m]

[0m09:34:57.409613 [info ] [MainThread]: [32mAll checks passed![0m
[0m09:34:57.410004 [info ] [MainThread]: Your new dbt project "btc" was created!
Initialized new project in /home/gemelo/Documents/BTC/btc/btc

For more information on how to configure the profiles.yml file,
please consult the dbt documentation here:

  https://docs.getdbt.com/docs/configure-your-profile

One more thing:

Need help? Don't hesitate to reach out to us via GitHub issues or on Slack:

  https://community.getdbt.com/

Happy modeling!

[0m09:34:57.416330 [debug] [MainThread]: Resource report: {"command_name": "init", "command_success": true, "command_wall_clock_time": 129.94673, "process_in_blocks": "5416", "process_kernel_time": 0.152868, "process_mem_max_rss": "177504", "process_out_blocks": "5208", "process_user_time": 1.566312}
[0m09:34:57.416874 [debug] [MainThread]: Command `dbt init` succeeded at 09:34:57.416785 after 129.95 seconds
[0m09:34:57.417199 [debug] [MainThread]: Connection 'debug' was left open.
[0m09:34:57.417461 [debug] [MainThread]: On debug: Close
[0m09:34:57.656945 [debug] [MainThread]: Sending event: {'category': 'dbt', 'action': 'invocation', 'label': 'end', 'context': [<snowplow_tracker.self_describing_json.SelfDescribingJson object at 0x7f64af372060>, <snowplow_tracker.self_describing_json.SelfDescribingJson object at 0x7f64b29f8b90>, <snowplow_tracker.self_describing_json.SelfDescribingJson object at 0x7f64ab52f680>]}
[0m09:34:57.657460 [debug] [MainThread]: Flushing usage events
[0m09:34:57.659946 [debug] [MainThread]: An error was encountered while trying to flush usage events
[0m10:19:28.596756 [debug] [MainThread]: Sending event: {'category': 'dbt', 'action': 'invocation', 'label': 'start', 'context': [<snowplow_tracker.self_describing_json.SelfDescribingJson object at 0x7f7c4fad6120>, <snowplow_tracker.self_describing_json.SelfDescribingJson object at 0x7f7c51a79450>, <snowplow_tracker.self_describing_json.SelfDescribingJson object at 0x7f7c4e28b9d0>]}


============================== 10:19:28.598883 | 89f607e4-3ed2-4fd0-a74d-3a04cbcff0e3 ==============================
[0m10:19:28.598883 [info ] [MainThread]: Running with dbt=1.12.2
[0m10:19:28.599387 [debug] [MainThread]: running dbt with arguments {'introspect': 'True', 'use_experimental_parser': 'False', 'log_cache_events': 'False', 'log_format': 'default', 'log_path': 'logs', 'static_parser': 'True', 'use_colors': 'True', 'printer_width': '80', 'version_check': 'True', 'warn_error': 'None', 'send_anonymous_usage_stats': 'True', 'profiles_dir': '/home/gemelo/.dbt', 'warn_error_options': 'WarnErrorOptionsV2(error=[], warn=[], silence=[])', 'indirect_selection': 'eager', 'cache_selected_only': 'False', 'hints_enabled': 'True', 'partial_parse': 'True', 'invocation_command': 'dbt debug', 'maximum_seed_size_mib': '1', 'quiet': 'False', 'debug': 'False', 'no_print': 'None', 'write_json': 'True', 'fail_fast': 'False', 'target_path': 'None', 'empty': 'None'}
[0m10:19:28.654296 [info ] [MainThread]: dbt version: 1.12.2
[0m10:19:28.654628 [info ] [MainThread]: python version: 3.14.6
[0m10:19:28.654876 [info ] [MainThread]: python path: /usr/bin/python3
[0m10:19:28.655106 [info ] [MainThread]: os info: Linux-7.1.8-200.fc44.x86_64-x86_64-with-glibc2.43
[0m10:19:28.813624 [debug] [MainThread]: Snowflake adapter: Setting snowflake.connector to ERROR (file logging only)
[0m10:19:28.813996 [debug] [MainThread]: Snowflake adapter: Setting botocore to ERROR (file logging only)
[0m10:19:28.814270 [debug] [MainThread]: Snowflake adapter: Setting boto3 to ERROR (file logging only)
[0m10:19:28.872725 [info ] [MainThread]: Using profiles dir at /home/gemelo/.dbt
[0m10:19:28.873060 [info ] [MainThread]: Using profiles.yml file at /home/gemelo/.dbt/profiles.yml
[0m10:19:28.873304 [info ] [MainThread]: Using dbt_project.yml file at /home/gemelo/Documents/BTC/dbt_project.yml
[0m10:19:28.873627 [info ] [MainThread]: adapter type: snowflake
[0m10:19:28.873854 [info ] [MainThread]: adapter version: 1.12.0
[0m10:19:28.874086 [info ] [MainThread]: Configuration:
[0m10:19:28.874314 [info ] [MainThread]:   profiles.yml file [[32mOK found and valid[0m]
[0m10:19:28.874542 [info ] [MainThread]:   dbt_project.yml file [[31mERROR not found[0m]
[0m10:19:28.874764 [info ] [MainThread]: Required dependencies:
[0m10:19:28.874998 [debug] [MainThread]: Executing "git --help"
[0m10:19:28.876617 [debug] [MainThread]: STDOUT: "b"usage: git [-v | --version] [-h | --help] [-C <path>] [-c <name>=<value>]\n           [--exec-path[=<path>]] [--html-path] [--man-path] [--info-path]\n           [-p | --paginate | -P | --no-pager] [--no-replace-objects] [--no-lazy-fetch]\n           [--no-optional-locks] [--no-advice] [--bare] [--git-dir=<path>]\n           [--work-tree=<path>] [--namespace=<name>] [--config-env=<name>=<envvar>]\n           <command> [<args>]\n\nThese are common Git commands used in various situations:\n\nstart a working area (see also: git help tutorial)\n   clone      Clone a repository into a new directory\n   init       Create an empty Git repository or reinitialize an existing one\n\nwork on the current change (see also: git help everyday)\n   add        Add file contents to the index\n   mv         Move or rename a file, a directory, or a symlink\n   restore    Restore working tree files\n   rm         Remove files from the working tree and from the index\n\nexamine the history and state (see also: git help revisions)\n   bisect     Use binary search to find the commit that introduced a bug\n   diff       Show changes between commits, commit and working tree, etc\n   grep       Print lines matching a pattern\n   log        Show commit logs\n   show       Show various types of objects\n   status     Show the working tree status\n\ngrow, mark and tweak your common history\n   backfill   Download missing objects in a partial clone\n   branch     List, create, or delete branches\n   commit     Record changes to the repository\n   history    EXPERIMENTAL: Rewrite history\n   merge      Join two or more development histories together\n   rebase     Reapply commits on top of another base tip\n   reset      Set `HEAD` or the index to a known state\n   switch     Switch branches\n   tag        Create, list, delete or verify tags\n\ncollaborate (see also: git help workflows)\n   fetch      Download objects and refs from another repository\n   pull       Fetch from and integrate with another repository or a local branch\n   push       Update remote refs along with associated objects\n\n'git help -a' and 'git help -g' list available subcommands and some\nconcept guides. See 'git help <command>' or 'git help <concept>'\nto read about a specific subcommand or concept.\nSee 'git help git' for an overview of the system.\n""
[0m10:19:28.876892 [debug] [MainThread]: STDERR: "b''"
[0m10:19:28.877106 [info ] [MainThread]:  - git [[32mOK found[0m]

[0m10:19:28.877343 [info ] [MainThread]: Connection:
[0m10:19:28.877573 [info ] [MainThread]:   account: AGXGQCL-RV03027
[0m10:19:28.877793 [info ] [MainThread]:   user: new_admin
[0m10:19:28.878011 [info ] [MainThread]:   database: BTC
[0m10:19:28.878236 [info ] [MainThread]:   warehouse: LARGE_WH
[0m10:19:28.878447 [info ] [MainThread]:   role: ACCOUNTADMIN
[0m10:19:28.878660 [info ] [MainThread]:   schema: BTC_SCHEMA_DEV
[0m10:19:28.878875 [info ] [MainThread]:   authenticator: None
[0m10:19:28.879087 [info ] [MainThread]:   oauth_client_id: None
[0m10:19:28.879307 [info ] [MainThread]:   query_tag: None
[0m10:19:28.879522 [info ] [MainThread]:   client_session_keep_alive: False
[0m10:19:28.879738 [info ] [MainThread]:   host: None
[0m10:19:28.879951 [info ] [MainThread]:   port: None
[0m10:19:28.880172 [info ] [MainThread]:   proxy_host: None
[0m10:19:28.880386 [info ] [MainThread]:   proxy_port: None
[0m10:19:28.880598 [info ] [MainThread]:   protocol: None
[0m10:19:28.880812 [info ] [MainThread]:   connect_retries: 1
[0m10:19:28.881025 [info ] [MainThread]:   connect_timeout: None
[0m10:19:28.881248 [info ] [MainThread]:   retry_on_database_errors: False
[0m10:19:28.881464 [info ] [MainThread]:   retry_all: False
[0m10:19:28.881679 [info ] [MainThread]:   insecure_mode: False
[0m10:19:28.881899 [info ] [MainThread]:   reuse_connections: True
[0m10:19:28.882123 [info ] [MainThread]:   s3_stage_vpce_dns_name: None
[0m10:19:28.882349 [info ] [MainThread]:   workload_identity_provider: None
[0m10:19:28.882566 [info ] [MainThread]:   workload_identity_entra_resource: None
[0m10:19:28.882783 [info ] [MainThread]:   platform_detection_timeout_seconds: 0.0
[0m10:19:28.883110 [info ] [MainThread]: Registered adapter: snowflake=1.12.0
[0m10:19:28.934642 [debug] [MainThread]: Acquiring new snowflake connection 'debug'
[0m10:19:28.935965 [debug] [MainThread]: Using snowflake connection "debug"
[0m10:19:28.936219 [debug] [MainThread]: On debug: select 1 as id
[0m10:19:28.936443 [debug] [MainThread]: Opening a new connection, currently in state init
[0m10:19:30.106736 [debug] [MainThread]: SQL status: SUCCESS 1 in 1.170 seconds
[0m10:19:30.107451 [info ] [MainThread]:   Connection test: [[32mOK connection ok[0m]

[0m10:19:30.107721 [info ] [MainThread]: [31m1 check failed:[0m
[0m10:19:30.107947 [info ] [MainThread]: Project loading failed for the following reason:
 project path </home/gemelo/Documents/BTC/dbt_project.yml> not found

[0m10:19:30.108586 [debug] [MainThread]: Resource report: {"command_name": "debug", "command_success": false, "command_wall_clock_time": 1.5655713, "process_in_blocks": "0", "process_kernel_time": 0.134249, "process_mem_max_rss": "172692", "process_out_blocks": "136", "process_user_time": 1.195462}
[0m10:19:30.108915 [debug] [MainThread]: Command `dbt debug` failed at 10:19:30.108850 after 1.57 seconds
[0m10:19:30.109167 [debug] [MainThread]: Connection 'debug' was left open.
[0m10:19:30.109392 [debug] [MainThread]: On debug: Close
[0m10:19:30.377268 [debug] [MainThread]: Sending event: {'category': 'dbt', 'action': 'invocation', 'label': 'end', 'context': [<snowplow_tracker.self_describing_json.SelfDescribingJson object at 0x7f7c4b0e56e0>, <snowplow_tracker.self_describing_json.SelfDescribingJson object at 0x7f7c4b0e39b0>, <snowplow_tracker.self_describing_json.SelfDescribingJson object at 0x7f7c4bd87790>]}
[0m10:19:30.377674 [debug] [MainThread]: Flushing usage events
[0m10:19:30.380072 [debug] [MainThread]: An error was encountered while trying to flush usage events
[0m12:32:02.234431 [debug] [MainThread]: Sending event: {'category': 'dbt', 'action': 'invocation', 'label': 'start', 'context': [<snowplow_tracker.self_describing_json.SelfDescribingJson object at 0x7f9f38be6120>, <snowplow_tracker.self_describing_json.SelfDescribingJson object at 0x7f9f3ab79450>, <snowplow_tracker.self_describing_json.SelfDescribingJson object at 0x7f9f373f7890>]}


============================== 12:32:02.236636 | 10057e12-a3e3-4eeb-a810-7ae8b8c8d3e6 ==============================
[0m12:32:02.236636 [info ] [MainThread]: Running with dbt=1.12.2
[0m12:32:02.237064 [debug] [MainThread]: running dbt with arguments {'log_format': 'default', 'empty': 'False', 'version_check': 'True', 'send_anonymous_usage_stats': 'True', 'quiet': 'False', 'target_path': 'None', 'hints_enabled': 'True', 'fail_fast': 'False', 'invocation_command': 'dbt run --project-dir .', 'indirect_selection': 'eager', 'cache_selected_only': 'False', 'use_colors': 'True', 'warn_error_options': 'WarnErrorOptionsV2(error=[], warn=[], silence=[])', 'debug': 'False', 'profiles_dir': '/home/gemelo/.dbt', 'introspect': 'True', 'write_json': 'True', 'static_parser': 'True', 'maximum_seed_size_mib': '1', 'partial_parse': 'True', 'log_path': 'logs', 'no_print': 'None', 'printer_width': '80', 'log_cache_events': 'False', 'use_experimental_parser': 'False', 'warn_error': 'None'}
[0m12:32:02.237436 [error] [MainThread]: [[31mERROR[0m]: Encountered an error:
Runtime Error
  No dbt_project.yml found at expected path ./dbt_project.yml
  Verify that each entry within packages.yml (and their transitive dependencies) contains a file named dbt_project.yml
  
[0m12:32:02.238056 [debug] [MainThread]: Resource report: {"command_name": "run", "command_success": false, "command_wall_clock_time": 0.093532, "process_in_blocks": "0", "process_kernel_time": 0.083668, "process_mem_max_rss": "119260", "process_out_blocks": "8", "process_user_time": 0.89133}
[0m12:32:02.238426 [debug] [MainThread]: Command `dbt run` failed at 12:32:02.238357 after 0.09 seconds
[0m12:32:02.238683 [debug] [MainThread]: Sending event: {'category': 'dbt', 'action': 'invocation', 'label': 'end', 'context': [<snowplow_tracker.self_describing_json.SelfDescribingJson object at 0x7f9f375e3e10>, <snowplow_tracker.self_describing_json.SelfDescribingJson object at 0x7f9f37387410>, <snowplow_tracker.self_describing_json.SelfDescribingJson object at 0x7f9f3741e690>]}
[0m12:32:02.238955 [debug] [MainThread]: Flushing usage events
[0m12:32:02.534659 [debug] [MainThread]: An error was encountered while trying to flush usage events
